---
source: wnfs/src/public/directory.rs
expression: mock_dir
---
{
  "value": {
    "wnfs/pub/dir": {
      "metadata": {
        "created": -4960082003,
        "modified": -4960082003
      },
      "previous": [
        {
          "/": "baguqeeravrm2e6fvqanyqx6qqm7fu5vkkfxri75p6a2k4xklr35xa66ca7mq"
        }
      ],
      "userland": {
        "music": {
          "/": "baguqeeraa6kc3xtxhalqmzlrpal5k6v5zgx3bfjjyjqay3lpotkgqb3ntzfq"
        },
        "text.txt": {
          "/": "baguqeeraj32obrt2su5uwuvhgo3swbdrdacg3ryqkbtqhmc5ocfmu5vdszwa"
        },
        "videos": {
          "/": "baguqeerajosmwcy7zv7jyrhzjxdl7ogpqrmyd4mnf2fayivonuuqrbejyq3q"
        }
      },
      "version": "0.2.0"
    }
  },
  "cbor": "oWx3bmZzL3B1Yi9kaXKkZ3ZlcnNpb25lMC4yLjBobWV0YWRhdGGiZ2NyZWF0ZWQ7AAAAASek2FJobW9kaWZpZWQ7AAAAASek2FJocHJldmlvdXOB2CpYJgABqQISIKxZoni1gBuIX9CDPlp2qlFvFH+v8DSuXUuO+3B7wgfZaHVzZXJsYW5ko2VtdXNpY9gqWCYAAakCEiAHlC3edzgXBmVxeBfVer3Jr7CVKcJgDG1vdNRoB22eS2Z2aWRlb3PYKlgmAAGpAhIgS6TLCx/NfpxE+U3Gv7jPhFmB8Y0uigwirm0pCISJxDdodGV4dC50eHTYKlgmAAGpAhIgTvTgxnqVO0tSpzO3KwRxGARtxxBQZwOwXXCKynajlmw="
}
