---
source: wnfs/src/public/file.rs
expression: file
---
{
  "value": {
    "wnfs/pub/file": {
      "metadata": {
        "created": 0,
        "modified": 0
      },
      "previous": [
        {
          "/": "bafyr4idombemml3z63t5smrs6ktag3dr2ckvvzbq2ngtjklwqkotxwzs3a"
        }
      ],
      "userland": {
        "/": "bafkr4ibirkdkphzauplnztoko4j35lwrpb4yffv57j4rh6rkmlmxe67y7a"
      },
      "version": "1.0.0"
    }
  },
  "bytes": "oW13bmZzL3B1Yi9maWxlpGd2ZXJzaW9uZTEuMC4waG1ldGFkYXRhomdjcmVhdGVkAGhtb2RpZmllZABocHJldmlvdXOB2CpYJQABcR4gbmBIxi959ufZMjLypgNscdCVWuQw0000qXaCnTvbMthodXNlcmxhbmTYKlglAAFVHiAoioannyCj1tzNyncTvq7ReHmClr36eRP6KmLZcnv4+A=="
}
