---
source: wnfs/src/private/directory.rs
expression: values
---
[
  {
    "value": {
      "inumber": {
        "/": {
          "bytes": "01T9rYCCjrX9BhaikpsiJKflys/DKxSpPszXdNFY56M"
        }
      },
      "name": {
        "/": {
          "bytes": "KcIYct0IElNLn5lwl3FYXBBmD3DFepn4LG3uzWjiiQbnf634fBi+vt5Ivl1XX1TBbVJYgYCE5llIjm3+ONC77sWuEzgmxm+kllcYQtNSA3ZJnscAsYkqnwjDUSHt/nC7hejboAv8Ls+5rzjX2bfUOhY6ylYR/sGKUn6PFA1E0/GwNIUcXxSMLbLDdcU8+vLed9HSpVTPGYdSaPFyx6YC3bhLEmICoWY7A/pj4oD5CgVcZNM4Tyq/N1wdRJTtcaKvhBLC4R0wwMuCoNINlx3QX7CCW8tvYdEDtnwnHjEAXjHxLOfD5oSn78cLqCrunH7skhR9BUnncBdVRYs3gOnEkQ"
        }
      },
      "ratchet": {
        "large": {
          "/": {
            "bytes": "J/6mDGQ9Ee/7MP3IN/wdALl7Wom5uL5aUk1yWHVaB5Y"
          }
        },
        "medium": {
          "/": {
            "bytes": "JFq3UYXBa6XaMePw81grE073vCWVs2Yfobk7v/youIg"
          }
        },
        "mediumCounter": 68,
        "salt": {
          "/": {
            "bytes": "5yG3Q0QIMyefROp3qm0muWtCZp7xcOrVzIOhOmSK+f8"
          }
        },
        "small": {
          "/": {
            "bytes": "7f4KxU6yKDV8WfUJh2JKUGU2GGl3YtV1AfqMp3DZbS0"
          }
        },
        "smallCounter": 31
      }
    },
    "cbor": "o2dpbnVtYmVyWCDTVP2tgIKOtf0GFqKSmyIkp+XKz8MrFKk+zNd00Vjno2dyYXRjaGV0pmRzYWx0WCDnIbdDRAgzJ59E6neqbSa5a0JmnvFw6tXMg6E6ZIr5/2VsYXJnZVggJ/6mDGQ9Ee/7MP3IN/wdALl7Wom5uL5aUk1yWHVaB5ZmbWVkaXVtWCAkWrdRhcFrpdox4/DzWCsTTve8JZWzZh+huTu//Ki4iGVzbWFsbFgg7f4KxU6yKDV8WfUJh2JKUGU2GGl3YtV1AfqMp3DZbS1tbWVkaXVtQ291bnRlchhEbHNtYWxsQ291bnRlchgfZG5hbWVZAQApwhhy3QgSU0ufmXCXcVhcEGYPcMV6mfgsbe7NaOKJBud/rfh8GL6+3ki+XVdfVMFtUliBgITmWUiObf440Lvuxa4TOCbGb6SWVxhC01IDdkmexwCxiSqfCMNRIe3+cLuF6NugC/wuz7mvONfZt9Q6FjrKVhH+wYpSfo8UDUTT8bA0hRxfFIwtssN1xTz68t530dKlVM8Zh1Jo8XLHpgLduEsSYgKhZjsD+mPigPkKBVxk0zhPKr83XB1ElO1xoq+EEsLhHTDAy4Kg0g2XHdBfsIJby29h0QO2fCceMQBeMfEs58PmhKfvxwuoKu6cfuySFH0FSedwF1VFizeA6cSR"
  },
  {
    "value": {
      "wnfs/priv/file": {
        "content": {
          "external": {
            "baseName": {
              "/": {
                "bytes": "a1GxPfDoFVmjFGT9R6N2ObSghK0RWLEPR6tCWdL28d8P62hC5k3EiFWPQ3RUmNptwraLs41ujg9r6Yflgt3QCen7W/KBWH3vy/JRk2EF8UZpO6NAw2jQVPr6U1CFRFAq0+gWWBnGtYPebGY6KfcTbPogZZWMT/j4BycNuNAechXxzsErIGOaNVxKaMSQPCQtJy3VawF6BC9JDXrQ1N/LciKpy2Sa0ZeVw8Ns7an/G3umlSR9GBPwkYBvDFUfsDFp4fhLdinULWBcz5bpNvJS8EU/4kCUzK78crzdBSZAISNgIZ9B4CZSLduFsAg/XX654wZTWOoBgAdrirHWGhGeDg"
              }
            },
            "blockContentSize": 262104,
            "blockCount": 1,
            "key": {
              "/": {
                "bytes": "CNF1ZM+z7ciQvoumdadAj/BfFDoMeXfL+hikkY1P5Mo"
              }
            }
          }
        },
        "headerCid": {
          "/": "bafkr4idc7m7feqtuqdjujhmoxeyta5267zdne74jiffhmkt4e5zy2yfcta"
        },
        "metadata": {
          "created": 8004143242,
          "modified": 8004143242
        },
        "previous": [],
        "version": "0.2.0"
      }
    },
    "cbor": "oW53bmZzL3ByaXYvZmlsZaVndmVyc2lvbmUwLjIuMGloZWFkZXJDaWTYKlglAAFVHiBi+z5SQnSA00SdjrkxMHde/kbSf4lBSnYqfCdzjWCimGhwcmV2aW91c4BobWV0YWRhdGGiZ2NyZWF0ZWQbAAAAAd0ViIpobW9kaWZpZWQbAAAAAd0ViIpnY29udGVudKFoZXh0ZXJuYWykY2tleVggCNF1ZM+z7ciQvoumdadAj/BfFDoMeXfL+hikkY1P5MpoYmFzZU5hbWVZAQBrUbE98OgVWaMUZP1Ho3Y5tKCErRFYsQ9Hq0JZ0vbx3w/raELmTcSIVY9DdFSY2m3CtouzjW6OD2vph+WC3dAJ6ftb8oFYfe/L8lGTYQXxRmk7o0DDaNBU+vpTUIVEUCrT6BZYGca1g95sZjop9xNs+iBllYxP+PgHJw240B5yFfHOwSsgY5o1XEpoxJA8JC0nLdVrAXoEL0kNetDU38tyIqnLZJrRl5XDw2ztqf8be6aVJH0YE/CRgG8MVR+wMWnh+Et2KdQtYFzPluk28lLwRT/iQJTMrvxyvN0FJkAhI2Ahn0HgJlIt24WwCD9dfrnjBlNY6gGAB2uKsdYaEZ4OamJsb2NrQ291bnQBcGJsb2NrQ29udGVudFNpemUaAAP/2A=="
  },
  {
    "value": {
      "accumulator": {
        "generator": {
          "/": {
            "bytes": "rGCe5WHIjiZjiFxYSolBMJVjSSp2tGS18oeHuU2n0RFR3k5UcbjIjxzCF03Lsndi4sCURnnka6qzIs9sl96XpmOG3b+ds6Kn2sdqnw22vdIWYjL5J63NtT26i09JMi8JWNYiF8aNRLSdXGg+TZTd1pN4Kao7k6ThdaPENnQeQB4IzzkputboM2ZUTu6Jxg4teVO5D1yXImQfJ1VgOGwWBC0j4xuRRZ9STH3tZw+boy4oC584XoRpagF0B+PM7/r8Pjmz/Bb2qVA3tTebeY6ZUeftEvodt/DPiEsvKvag2SdwzuPQ3IVTZOnNF3CZSy5G+W1WwLbMl3yXDxO4yMmcPA"
          }
        },
        "modulus": {
          "/": {
            "bytes": "x5cM7tzDsHVEkCAaeqYTzXOREIHHkPXxqHJvRjVQu1t/8NuOHqEYnscvk9FlABG9chrurMKs3jKgQQfwZIwoE6MfWwt3Zf+LRLS2/8kzhLZG6wnHz16FktQOozyAA581tPFKBLUfe/14G+TRZzFkuo65kcLE1zC7vjX1kr3vUkr36Nrv0mxm/ALEea+J1k03P0QnCUOd5mzrlV8+o31RWfYTWAn4UzS1yxgTrdyAzQVgnxCsapWtZYcskJUlva0yvHKVkmQpIPJMYdxbPDt5I+VrFqTZ03PYch8ko/wPGzEx9VYVFyhmvMww+VBUyCTnM6XraBf3vBY5nUjGNhzH5Q"
          }
        }
      },
      "root": [
        [
          8,
          130
        ],
        [
          [
            [
              {
                "/": {
                  "bytes": "QP0zFNWemoq7Oh9R+QJArDmlXFQ4IUtfSN8ca7G1b8/lNZ2dmjLBXW9szntZseOdTRkavPWYSmhvs83yR9K6Oslt0rLjn7ZVKq4fBQ9SmqZKeBi7/DVB9BU85+sDOYGwdTadssAmPfiHUbaMGnkcZtUvldO9HUQnMUKSPGeP4XpDFCKy9g5JpKKQ0p96MjpQ2g6hGuh2BGJpia7Pmvrj5flnR3vNLe1QDlmJEUDglKAdh97NS6d5T0gfKyFsOA1xWnVz8OOSdUmbEVwjJ/5EzEyyH4qt1by/9MSd1jJDFbc/8vmR1kXp7m+V72gW2okdPt1CPXzRKAUeKOcYyE4B/w"
                }
              },
              [
                {
                  "/": "bafkr4idehowiwz2jy52w326562wcbqxxittucwqzihtwptdevvegxj6clm"
                }
              ]
            ]
          ],
          [
            [
              {
                "/": {
                  "bytes": "mYuDIgyWSVI+C5lUF1MUsXxUWLHMhwIl1F+dW4Jf9D3Im56Gyx1x9VVN5NY8Qu3P2IAij8GHKA2BJENyGs96YP0QN7/bY2l42ZlsFc11lCAqAvK3pM8wAUuMVBzq7atZZrM8hz6jdzzE+wCEBt6YytLnN39pZDCsDzMt8KObjYm9oVRyoh2Y66Dx2LvmtNS6z3oxOuTji1bVce5OhUYIGRn0gZuwtSsEj6J6pfGS3Tbz6a5lI/PCwl887529LfQpx3/Alj4LM2jFofzQxu6IMqMhKTMwQlEX8Hgz9lymK4oRtMylexlHvE9gIM39eatl2hgBtYG6xCfzTmQIjoXyeQ"
                }
              },
              [
                {
                  "/": "bafkr4ienw22qaxwru2twuxxvmdpbghor2rgmxfse634nfjqt5uxwd5jbjq"
                },
                {
                  "/": "bafkr4ifm3zoiwikvoydtq3xgutlcyblcrvgzdscijgh5hmzs3a4cbtbyj4"
                }
              ]
            ]
          ],
          [
            [
              {
                "/": {
                  "bytes": "mDYeIjOT/NwpbClXCOw6huYukvkQIiukBVAM3+GaqEr6nlvdEBp8PW3dN0A+k51Lxy1wJsQ3Xp/4Xz+j2sLEFkmCs37gqYgcnk8BxcLAhUfYOZ4Gu5/um/OfrL6PRW+TnnEf1mcQrQH0LKVUAA3zs7/EYehC2+etZcgE5et4Ek0OScfbizfrYP19IcNUz/UR7QDFK4dMYvEUriuaer5stG/6SKYhcE7nzacyiSc84G3hv9aBRHkqqRQw9K6GiEbcpT3wnoXTju0NfJ5vbJcXUeIrI/NDjetLeDrbgLKnZwLB27OE//SpOLJtJGAT0fZg4sFkFx+5h6GFgdczD3Q+mQ"
                }
              },
              [
                {
                  "/": "bafkr4idc7m7feqtuqdjujhmoxeyta5267zdne74jiffhmkt4e5zy2yfcta"
                },
                {
                  "/": "bafkr4ihn3v7hiduhccsk2ytnxjedaa7ao24tjxgqtmjckmwf4qthawxpyq"
                }
              ]
            ]
          ]
        ]
      ],
      "structure": "hamt",
      "version": "0.1.0"
    },
    "cbor": "pGRyb290goIIGIKDgYJZAQBA/TMU1Z6airs6H1H5AkCsOaVcVDghS19I3xxrsbVvz+U1nZ2aMsFdb2zOe1mx451NGRq89ZhKaG+zzfJH0ro6yW3SsuOftlUqrh8FD1Kapkp4GLv8NUH0FTzn6wM5gbB1Np2ywCY9+IdRtowaeRxm1S+V070dRCcxQpI8Z4/hekMUIrL2DkmkopDSn3oyOlDaDqEa6HYEYmmJrs+a+uPl+WdHe80t7VAOWYkRQOCUoB2H3s1Lp3lPSB8rIWw4DXFadXPw45J1SZsRXCMn/kTMTLIfiq3VvL/0xJ3WMkMVtz/y+ZHWRenub5XvaBbaiR0+3UI9fNEoBR4o5xjITgH/gdgqWCUAAVUeIGQ7rItnScd1bevd9qwgwvdE50FaGUHnZ8xkrUhrp8JbgYJZAQCZi4MiDJZJUj4LmVQXUxSxfFRYscyHAiXUX51bgl/0PcibnobLHXH1VU3k1jxC7c/YgCKPwYcoDYEkQ3Iaz3pg/RA3v9tjaXjZmWwVzXWUICoC8rekzzABS4xUHOrtq1lmszyHPqN3PMT7AIQG3pjK0uc3f2lkMKwPMy3wo5uNib2hVHKiHZjroPHYu+a01LrPejE65OOLVtVx7k6FRggZGfSBm7C1KwSPonql8ZLdNvPprmUj88LCXzzvnb0t9CnHf8CWPgszaMWh/NDG7ogyoyEpMzBCURfweDP2XKYrihG0zKV7GUe8T2Agzf15q2XaGAG1gbrEJ/NOZAiOhfJ5gtgqWCUAAVUeII22tQBe0aanal71YN4THdHUTMuWRPb40qYT7S9h9SFM2CpYJQABVR4grN5ciyFVdgc4buak1iwFYo1NkchISY/TszLYOCDMOE+BglkBAJg2HiIzk/zcKWwpVwjsOobmLpL5ECIrpAVQDN/hmqhK+p5b3RAafD1t3TdAPpOdS8ctcCbEN16f+F8/o9rCxBZJgrN+4KmIHJ5PAcXCwIVH2DmeBruf7pvzn6y+j0Vvk55xH9ZnEK0B9CylVAAN87O/xGHoQtvnrWXIBOXreBJNDknH24s362D9fSHDVM/1Ee0AxSuHTGLxFK4rmnq+bLRv+kimIXBO582nMoknPOBt4b/WgUR5KqkUMPSuhohG3KU98J6F047tDXyeb2yXF1HiKyPzQ43rS3g624Cyp2cCwduzhP/0qTiybSRgE9H2YOLBZBcfuYehhYHXMw90PpmC2CpYJQABVR4gYvs+UkJ0gNNEnY65MTB3Xv5G0n+JQUp2Knwnc41gopjYKlglAAFVHiDt3X50DocQpK1ibbpIMAPgdrk03NCbEiUyxeQmcFrvxGd2ZXJzaW9uZTAuMS4waXN0cnVjdHVyZWRoYW10a2FjY3VtdWxhdG9yomdtb2R1bHVzWQEAx5cM7tzDsHVEkCAaeqYTzXOREIHHkPXxqHJvRjVQu1t/8NuOHqEYnscvk9FlABG9chrurMKs3jKgQQfwZIwoE6MfWwt3Zf+LRLS2/8kzhLZG6wnHz16FktQOozyAA581tPFKBLUfe/14G+TRZzFkuo65kcLE1zC7vjX1kr3vUkr36Nrv0mxm/ALEea+J1k03P0QnCUOd5mzrlV8+o31RWfYTWAn4UzS1yxgTrdyAzQVgnxCsapWtZYcskJUlva0yvHKVkmQpIPJMYdxbPDt5I+VrFqTZ03PYch8ko/wPGzEx9VYVFyhmvMww+VBUyCTnM6XraBf3vBY5nUjGNhzH5WlnZW5lcmF0b3JZAQCsYJ7lYciOJmOIXFhKiUEwlWNJKna0ZLXyh4e5TafREVHeTlRxuMiPHMIXTcuyd2LiwJRGeeRrqrMiz2yX3pemY4bdv52zoqfax2qfDba90hZiMvknrc21PbqLT0kyLwlY1iIXxo1EtJ1caD5NlN3Wk3gpqjuTpOF1o8Q2dB5AHgjPOSm61ugzZlRO7onGDi15U7kPXJciZB8nVWA4bBYELSPjG5FFn1JMfe1nD5ujLigLnzhehGlqAXQH48zv+vw+ObP8FvapUDe1N5t5jplR5+0S+h238M+ISy8q9qDZJ3DO49DchVNk6c0XcJlLLkb5bVbAtsyXfJcPE7jIyZw8"
  },
  {
    "value": {
      "wnfs/priv/dir": {
        "entries": {
          "text.txt": {
            "contentCid": {
              "/": "bafkr4ihn3v7hiduhccsk2ytnxjedaa7ao24tjxgqtmjckmwf4qthawxpyq"
            },
            "name": [
              247,
              220,
              169,
              75,
              74,
              230,
              180,
              87,
              193,
              122,
              208,
              132,
              144,
              105,
              32,
              101,
              167,
              223,
              238,
              88,
              161,
              206,
              219,
              78,
              31,
              240,
              184,
              93,
              134,
              88,
              160,
              115
            ],
            "snapshotKey": {
              "/": {
                "bytes": "/PFOGmQTzLvUyuD6DodIaCsZKBVV26WNQX4dSudAi88"
              }
            },
            "temporalKey": [
              165,
              73,
              91,
              13,
              159,
              225,
              1,
              247,
              9,
              187,
              103,
              142,
              245,
              80,
              81,
              175,
              61,
              133,
              204,
              123,
              251,
              170,
              193,
              185,
              220,
              227,
              157,
              128,
              34,
              230,
              110,
              148,
              126,
              112,
              115,
              45,
              223,
              179,
              39,
              93
            ]
          }
        },
        "headerCid": {
          "/": "bafkr4ienw22qaxwru2twuxxvmdpbghor2rgmxfse634nfjqt5uxwd5jbjq"
        },
        "metadata": {
          "created": 3988822730,
          "modified": 3988822730
        },
        "previous": [],
        "version": "0.2.0"
      }
    },
    "cbor": "oW13bmZzL3ByaXYvZGlypWd2ZXJzaW9uZTAuMi4waHByZXZpb3VzgGloZWFkZXJDaWTYKlglAAFVHiCNtrUAXtGmp2pe9WDeEx3R1EzLlkT2+NKmE+0vYfUhTGhtZXRhZGF0YaJnY3JlYXRlZBrtwJrKaG1vZGlmaWVkGu3AmspnZW50cmllc6FodGV4dC50eHSkZG5hbWWYIBj3GNwYqRhLGEoY5hi0GFcYwRh6GNAYhBiQGGkYIBhlGKcY3xjuGFgYoRjOGNsYThgfGPAYuBhdGIYYWBigGHNrc25hcHNob3RLZXlYIPzxThpkE8y71Mrg+g6HSGgrGSgVVduljUF+HUrnQIvPa3RlbXBvcmFsS2V5mCgYpRhJGFsNGJ8Y4QEY9wkYuxhnGI4Y9RhQGFEYrxg9GIUYzBh7GPsYqhjBGLkY3BjjGJ0YgBgiGOYYbhiUGH4YcBhzGC0Y3xizGCcYXWpjb250ZW50Q2lk2CpYJQABVR4g7d1+dA6HEKStYm26SDAD4Ha5NNzQmxIlMsXkJnBa78Q="
  },
  {
    "value": {
      "/": {
        "bytes": "ZWxsbyBXb3I"
      }
    },
    "cbor": "SGVsbG8gV29ybGQ="
  },
  {
    "value": {
      "inumber": {
        "/": {
          "bytes": "7cmZCsM7VJ+2s+UKgULOrP9fQiIRK/F4azGMvK4s8gc"
        }
      },
      "name": {
        "/": {
          "bytes": "btcNChd0GFwnl1wko1ISqAeFcR7RrITpgkhWVUwaWrKjsdLWqwyvfQ4gQ6CeWUv042pmTsvPVN2wSdMk0L/fUw1ZX5PvEd0m+RBmUuEB3LIEajJ5usd1gtsoaObhaKJ+dpw2IpyAx2TpDIHbUoxpa3ffgmGxdsftBCRaLb5HUnoWVZsJSzYpcrkkQsLb0oOEzLPXwFitXPzQ8AGRoqbcjY/Go9M65mmEAUMCqUQf5qH5jX1hpSrXe8SGE5xSDlAVmwrnRT3kddhRTvLrmm1zLH8zyXa5V9At3Op64LXXjGFcx7wTd8hx8F1LDwkfyK65GPOjgK1d0EtqHlNICbe1sw"
        }
      },
      "ratchet": {
        "large": {
          "/": {
            "bytes": "BFCzegWNMvT5cAri1GOQjmnPd/WohR08VTahzjgytls"
          }
        },
        "medium": {
          "/": {
            "bytes": "vSsq06E0mXUNPkvqgIoCsFFlDmBlerLTCuWJZSbDH3A"
          }
        },
        "mediumCounter": 48,
        "salt": {
          "/": {
            "bytes": "FJsmgLJtd+Kmp7YyCTmBK/L0vOzRiSik21Mrwmjw6T8"
          }
        },
        "small": {
          "/": {
            "bytes": "2LUpVoBOdzdj21IuXKDmlKf7P+K3W6k5hQyrNtKh+AE"
          }
        },
        "smallCounter": 199
      }
    },
    "cbor": "o2dpbnVtYmVyWCDtyZkKwztUn7az5QqBQs6s/19CIhEr8XhrMYy8rizyB2dyYXRjaGV0pmRzYWx0WCAUmyaAsm134qantjIJOYEr8vS87NGJKKTbUyvCaPDpP2VsYXJnZVggBFCzegWNMvT5cAri1GOQjmnPd/WohR08VTahzjgytltmbWVkaXVtWCC9KyrToTSZdQ0+S+qAigKwUWUOYGV6stMK5YllJsMfcGVzbWFsbFgg2LUpVoBOdzdj21IuXKDmlKf7P+K3W6k5hQyrNtKh+AFtbWVkaXVtQ291bnRlchgwbHNtYWxsQ291bnRlchjHZG5hbWVZAQBu1w0KF3QYXCeXXCSjUhKoB4VxHtGshOmCSFZVTBpasqOx0tarDK99DiBDoJ5ZS/TjamZOy89U3bBJ0yTQv99TDVlfk+8R3Sb5EGZS4QHcsgRqMnm6x3WC2yho5uFoon52nDYinIDHZOkMgdtSjGlrd9+CYbF2x+0EJFotvkdSehZVmwlLNilyuSRCwtvSg4TMs9fAWK1c/NDwAZGiptyNj8aj0zrmaYQBQwKpRB/mofmNfWGlKtd7xIYTnFIOUBWbCudFPeR12FFO8uuabXMsfzPJdrlX0C3c6nrgtdeMYVzHvBN3yHHwXUsPCR/IrrkY86OArV3QS2oeU0gJt7Wz"
  }
]
