---
source: wnfs-hamt/src/pointer.rs
expression: mock_ptr
---
{
  "value": [
    [
      "James",
      4500
    ],
    [
      "Peter",
      2000
    ]
  ],
  "cbor": "goJlSmFtZXMZEZSCZVBldGVyGQfQ"
}
