---
source: wnfs/src/root_tree.rs
expression: values
---
{
  "bafkr4iak253lbpbvjv7po4757lgtduo3pffesyimee7bpbwyd5gohdyys4": {
    "value": {
      "wnfs/priv/dir": {
        "entries": {
          "videos": {
            "contentCid": {
              "/": "bafkr4igsmipzdfljcrpsumdhp6svfjvf4fzn52hmgv2ipj6biao3mqisju"
            },
            "label": {
              "/": {
                "bytes": "UqkuwA6+/HenitwO3nekXojsmhxa/V7RbjieyiA7zzg"
              }
            },
            "snapshotKey": {
              "/": {
                "bytes": "2vRE9uAQmhqv2+N9J0cgEOIaEEY79pEktUMAZhYi/wk"
              }
            },
            "temporalKey": {
              "/": {
                "bytes": "ysoLfCD35cS6o0rfA/do9XSsSgILdPzV3QEf2pX/hxLeeFIXafttTg"
              }
            }
          }
        },
        "headerCid": {
          "/": "bafkr4ibyzj4gt67dhh77u2y5nwsc4bxkjaznwp2cdz2y25kk4p6rsgxsou"
        },
        "metadata": {
          "created": -4960082003,
          "modified": -4960082003
        },
        "previous": [
          [
            1,
            {
              "/": {
                "bytes": "tcvIIDcWO+gItrFeZTvMGkRwE4M7cus05VcUJWNYSOkHT4pwwvD7v5TolPKIuINzKDUvyt67Kj8"
              }
            }
          ]
        ],
        "version": "0.2.0"
      }
    },
    "cbor": "oW13bmZzL3ByaXYvZGlypWd2ZXJzaW9uZTAuMi4waHByZXZpb3VzgYIBWDi1y8ggNxY76Ai2sV5lO8waRHATgzty6zTlVxQlY1hI6QdPinDC8Pu/lOiU8oi4g3MoNS/K3rsqP2loZWFkZXJDaWTYKlglAAFVHiA4ynhp++M5//prHW2kLgbqSDLbP0IedY11SuP9GRrydWhtZXRhZGF0YaJnY3JlYXRlZDsAAAABJ6TYUmhtb2RpZmllZDsAAAABJ6TYUmdlbnRyaWVzoWZ2aWRlb3OkZWxhYmVsWCBSqS7ADr78d6eK3A7ed6ReiOyaHFr9XtFuOJ7KIDvPOGtzbmFwc2hvdEtleVgg2vRE9uAQmhqv2+N9J0cgEOIaEEY79pEktUMAZhYi/wlrdGVtcG9yYWxLZXlYKMrKC3wg9+XEuqNK3wP3aPV0rEoCC3T81d0BH9qV/4cS3nhSF2n7bU5qY29udGVudENpZNgqWCUAAVUeINJiH5GVaRRfKjBnf6VSpqXhct7o7DV0h6fBQB22QRJN"
  },
  "bafkr4iak2zisw6svconjme3jg25f4equrbqnomxp2iil7frr6svsvtmf7e": {
    "value": {
      "/": {
        "bytes": "ujBUkJYAFtPKR201tp+DKrNV5/Pz4LUhdyKU1WCDhm8u+sxGe9jXYBMjHGvDy03cdFAEioog4iz6G6RftC4N5b4VkGOnjQUqSMgZG3YTQl2zzGKp26JDvdoA/2n2ROXFn1pNlTZCIH9xyyrIBh1NbZjumF1nxTbqXBkk9rzofK3EnWE59XI9isWrA7gi35r0juyGXkMC+7vsLSoQaJRbY+ETQpnzy0E9XMTSeWkKqUzWsLntg+ESDfYBrOWpnIRjXnVPakiyvLcDPhb3Op4+BWVHg4DYGo+5LuGTkYCwu03ItyhpvGG2+PEfZJTvDv5PTBQ0TkevkSkVWAgqv1BCd83Rqfq9ZVaLYzS7oO/uf8Dp37//yAXInC+uw5qzpdyLAV4MkGvTHmEfJqoLG8zQ8Yb/Ev0Zwnj5nkEYRcwJr2BDu471rLrPDu5UQ5is9s138lnPL4cQ9WUJYdrtu0Y1QAOyNyx0fX5k3cEkn+0PL4QGqWEf3WHr/cgr1Zy2niaxIb5WfzX6lY4Vojb4/YWen/OO+ngJHTp62elh2jxUW2dwx8Fcr2CrA77VRMAMqjOrC2j+DBwFfOlSLQwdwsb7XUrEAujr0j1vq9B6SSBY687a2vmgwoEbqgUlj6iqSfU6LjyRWyl9LNSGzeO0kGlaunqIXd/VO1Kh44ksNC6iLx/nG0IbHtktkg"
      }
    },
    "cbor": "WQIIujBUkJYAFtPKR201tp+DKrNV5/Pz4LUhdyKU1WCDhm8u+sxGe9jXYBMjHGvDy03cdFAEioog4iz6G6RftC4N5b4VkGOnjQUqSMgZG3YTQl2zzGKp26JDvdoA/2n2ROXFn1pNlTZCIH9xyyrIBh1NbZjumF1nxTbqXBkk9rzofK3EnWE59XI9isWrA7gi35r0juyGXkMC+7vsLSoQaJRbY+ETQpnzy0E9XMTSeWkKqUzWsLntg+ESDfYBrOWpnIRjXnVPakiyvLcDPhb3Op4+BWVHg4DYGo+5LuGTkYCwu03ItyhpvGG2+PEfZJTvDv5PTBQ0TkevkSkVWAgqv1BCd83Rqfq9ZVaLYzS7oO/uf8Dp37//yAXInC+uw5qzpdyLAV4MkGvTHmEfJqoLG8zQ8Yb/Ev0Zwnj5nkEYRcwJr2BDu471rLrPDu5UQ5is9s138lnPL4cQ9WUJYdrtu0Y1QAOyNyx0fX5k3cEkn+0PL4QGqWEf3WHr/cgr1Zy2niaxIb5WfzX6lY4Vojb4/YWen/OO+ngJHTp62elh2jxUW2dwx8Fcr2CrA77VRMAMqjOrC2j+DBwFfOlSLQwdwsb7XUrEAujr0j1vq9B6SSBY687a2vmgwoEbqgUlj6iqSfU6LjyRWyl9LNSGzeO0kGlaunqIXd/VO1Kh44ksNC6iLx/nG0IbHtktkg=="
  },
  "bafkr4iavbau43ie6mbtljxyldqzbtixji4linxdkqcnuqza7thxozwrs5u": {
    "value": {
      "wnfs/priv/dir": {
        "entries": {
          "anime": {
            "contentCid": {
              "/": "bafkr4ieflopfz3hwrdmpvymwrk6ycqkgmvwycz7vj3nlbjuxyohthter4u"
            },
            "label": {
              "/": {
                "bytes": "9OwBmJglAfKPn6JrmU+LLKejjOWR8+N1KY3TkvjxBSo"
              }
            },
            "snapshotKey": {
              "/": {
                "bytes": "7Qu+Stm0MDI3gWwz2E7z4N5x0XGek1YQZu+BZ0TpYW4"
              }
            },
            "temporalKey": {
              "/": {
                "bytes": "nb/utdhCWglCLHr3u+jPwoTLCriZ1CCyWzNRA9EhIjiIWHMpM7wRzw"
              }
            }
          }
        },
        "headerCid": {
          "/": "bafkr4ico6xukluqln2cvtctgkilpidzfv5gsghgcnddzocneqmzcoozegq"
        },
        "metadata": {
          "created": -7670907671,
          "modified": -7670907671
        },
        "previous": [],
        "version": "0.2.0"
      }
    },
    "cbor": "oW13bmZzL3ByaXYvZGlypWd2ZXJzaW9uZTAuMi4waHByZXZpb3VzgGloZWFkZXJDaWTYKlglAAFVHiBO9eil0gtuhVmKZlIW9A8lr00jHMJox5cJpIMyJzskNGhtZXRhZGF0YaJnY3JlYXRlZDsAAAAByTjDFmhtb2RpZmllZDsAAAAByTjDFmdlbnRyaWVzoWVhbmltZaRlbGFiZWxYIPTsAZiYJQHyj5+ia5lPiyyno4zlkfPjdSmN05L48QUqa3NuYXBzaG90S2V5WCDtC75K2bQwMjeBbDPYTvPg3nHRcZ6TVhBm74FnROlhbmt0ZW1wb3JhbEtleVgonb/utdhCWglCLHr3u+jPwoTLCriZ1CCyWzNRA9EhIjiIWHMpM7wRz2pjb250ZW50Q2lk2CpYJQABVR4ghVueXOz2iNj64ZaKvYFBRmVtgWf1TtqwppfDjzPMkeU="
  },
  "bafkr4ibyzj4gt67dhh77u2y5nwsc4bxkjaznwp2cdz2y25kk4p6rsgxsou": {
    "value": {
      "inumber": {
        "/": {
          "bytes": "+135VEqOiJWTFM25otx7zWwfbfJ76YNbf6kIegbrI0k"
        }
      },
      "name": {
        "/": {
          "bytes": "bgTwG+m480M4Q9LPc2DGBEMeMUTw7ln2jZc3FMy98n0wIt1EW815GJe9KUiWM3OsSXq0XAJx68aoPnZfL39pj9V1K2IdU3DTTVR/ftJ37feUMxdBCLWq+p48E4ZPcjJV7hwjM6FyKnu3Aj0TJmnRxvNOELYmYZieZhJcnqVSprIaM/WVyNJPLcjCYToBtKjo58zbuZA8Yryf4lJqLxA1L0boHXxK76cblLBL8vq5Img/x+TuMWPeLXVMg1HaCF/10fXbNRHZaQpuyaiwrR+QDvMUz2Bt6xR4TH/b7hjcRFWEm8JU5k+PbguFMzanznqSFyq2RSx73Ha5U6LJIgmYUw"
        }
      },
      "ratchet": {
        "large": {
          "/": {
            "bytes": "5LPSXhb/9Jjxy/Qdbb9OG++fHdjelEJSlqsSMigu0Bs"
          }
        },
        "medium": {
          "/": {
            "bytes": "LP7R01X0tjqz+IUKHOixvVDK/DFYhixx17AmILoQNCI"
          }
        },
        "mediumCounter": 13,
        "salt": {
          "/": {
            "bytes": "wCZTPEkY/bJ28QuPd/yJHwAVk968mTy2ZqUmfckdVcg"
          }
        },
        "small": {
          "/": {
            "bytes": "Xc08dGZiKkSVoca9FXeeqj+n1TVNF+nLJ/ru55tD3+Y"
          }
        },
        "smallCounter": 10
      }
    },
    "cbor": "o2dpbnVtYmVyWCD7XflUSo6IlZMUzbmi3HvNbB9t8nvpg1t/qQh6BusjSWdyYXRjaGV0pmRzYWx0WCDAJlM8SRj9snbxC493/IkfABWT3ryZPLZmpSZ9yR1VyGVsYXJnZVgg5LPSXhb/9Jjxy/Qdbb9OG++fHdjelEJSlqsSMigu0BtmbWVkaXVtWCAs/tHTVfS2OrP4hQoc6LG9UMr8MViGLHHXsCYguhA0ImVzbWFsbFggXc08dGZiKkSVoca9FXeeqj+n1TVNF+nLJ/ru55tD3+ZtbWVkaXVtQ291bnRlcg1sc21hbGxDb3VudGVyCmRuYW1lWQEAbgTwG+m480M4Q9LPc2DGBEMeMUTw7ln2jZc3FMy98n0wIt1EW815GJe9KUiWM3OsSXq0XAJx68aoPnZfL39pj9V1K2IdU3DTTVR/ftJ37feUMxdBCLWq+p48E4ZPcjJV7hwjM6FyKnu3Aj0TJmnRxvNOELYmYZieZhJcnqVSprIaM/WVyNJPLcjCYToBtKjo58zbuZA8Yryf4lJqLxA1L0boHXxK76cblLBL8vq5Img/x+TuMWPeLXVMg1HaCF/10fXbNRHZaQpuyaiwrR+QDvMUz2Bt6xR4TH/b7hjcRFWEm8JU5k+PbguFMzanznqSFyq2RSx73Ha5U6LJIgmYUw=="
  },
  "bafkr4iciitqruwubgicnvgjtil5mwkfzxixs74itsqklqn23ksv6wttlha": {
    "value": {
      "inumber": {
        "/": {
          "bytes": "5DN6ncvhMpwVEInJTECX8hlGcQqsedwo/KJTPp/go4U"
        }
      },
      "name": {
        "/": {
          "bytes": "hNCmX6VZwwYZ9nD/ApniuPz2WZ210hVRNpYvcC3OCATidCIgm6ESZvzQyj2R8+dmK+ocB52qtuhAATCQS0QVLOfJNgs9ZzrGXNU+bavRsvc9V21cghtoRZxKJ9O8rdhX1iY8LEKrl9TvY2AmxyEcvSY2srYiDTSD9WbTedMPY2bZJoRK8Cx24ayu8rWc47uJWO5MZNbouhmmnSXMP0dd9z5J1Pq+aDhjreQKM0ymIV7eMKJeU9CyJBdKUNPOxhiIsEOnXX3MLoXkkJ7Gc5yY24yEOqtP1jcfzlqrvMK2gN+cdcKcQ00Tkm7PrKjWJXCMhqaz17daRHgrg49l/tEyIg"
        }
      },
      "ratchet": {
        "large": {
          "/": {
            "bytes": "+hXCsUiZToaFTXFc9mN2c+GWY2TP/unIKCp2YW5dv+A"
          }
        },
        "medium": {
          "/": {
            "bytes": "mfo6lZBomYcf4j9VKv9+WiEkAxDlwKZoStrwagcqW9s"
          }
        },
        "mediumCounter": 201,
        "salt": {
          "/": {
            "bytes": "2nl7W89nKJbz53+2oC+CyZLdh7b4gikt96dss4cve/o"
          }
        },
        "small": {
          "/": {
            "bytes": "wOHX2NssHehNUfQVgw5tB19enmtkyBBsLdjUp7qx3/Y"
          }
        },
        "smallCounter": 164
      }
    },
    "cbor": "o2dpbnVtYmVyWCDkM3qdy+EynBUQiclMQJfyGUZxCqx53Cj8olM+n+CjhWdyYXRjaGV0pmRzYWx0WCDaeXtbz2colvPnf7agL4LJkt2HtviCKS33p2yzhy97+mVsYXJnZVgg+hXCsUiZToaFTXFc9mN2c+GWY2TP/unIKCp2YW5dv+BmbWVkaXVtWCCZ+jqVkGiZhx/iP1Uq/35aISQDEOXApmhK2vBqBypb22VzbWFsbFggwOHX2NssHehNUfQVgw5tB19enmtkyBBsLdjUp7qx3/ZtbWVkaXVtQ291bnRlchjJbHNtYWxsQ291bnRlchikZG5hbWVZAQCE0KZfpVnDBhn2cP8CmeK4/PZZnbXSFVE2li9wLc4IBOJ0IiCboRJm/NDKPZHz52Yr6hwHnaq26EABMJBLRBUs58k2Cz1nOsZc1T5tq9Gy9z1XbVyCG2hFnEon07yt2FfWJjwsQquX1O9jYCbHIRy9JjaytiINNIP1ZtN50w9jZtkmhErwLHbhrK7ytZzju4lY7kxk1ui6GaadJcw/R133PknU+r5oOGOt5AozTKYhXt4wol5T0LIkF0pQ087GGIiwQ6ddfcwuheSQnsZznJjbjIQ6q0/WNx/OWqu8wraA35x1wpxDTROSbs+sqNYlcIyGprPXt1pEeCuDj2X+0TIi"
  },
  "bafkr4ico6xukluqln2cvtctgkilpidzfv5gsghgcnddzocneqmzcoozegq": {
    "value": {
      "inumber": {
        "/": {
          "bytes": "2yY7pWQEET8Ly8BlEvwbPtCxGHDRa8+Za7aPntW77fM"
        }
      },
      "name": {
        "/": {
          "bytes": "X5tqlDYOmaUpC92oQtqMmQBxBzE7GHW7OHbYqTDMu/oZ3x07PupR6zIsC8Rk/Ru4v8AKw/QiqewAQjGJgtMHkmWj1ia1yCMMpysMnyxByDlXY+j5b0ijbOhr1Q6nejD0EsAcf/CoaVrRBYytQC5d1SLiYPtGFiYVtSOvSSQCVXcY6J6DGjt1fXajKJtDqxHw8C2zkiomtrZbNmGTioIqO+yF0Tco5fgN2FeHq7VJjWNLYFRbZp7Wa4GsFPLaHuZRoQOJ30RvZbEul59FG707oKjrjgARKPKUqf4MWIs7rk2hrw169GsDQUooPTrPDdzerXS8DXStdpOPoXNSSVIgpw"
        }
      },
      "ratchet": {
        "large": {
          "/": {
            "bytes": "oaoqYCumskEku0VUn5FpFnCqV1M4VER0qgrTHHRxbTA"
          }
        },
        "medium": {
          "/": {
            "bytes": "vi1z0y2ANoH1M6MJ1w2V7XdG1zTe3G8yFpyfFx0vqzE"
          }
        },
        "mediumCounter": 78,
        "salt": {
          "/": {
            "bytes": "uyh86upMNRvvJ2vaTQBXRk+21xvqkQ7eVMqMzOAmWXI"
          }
        },
        "small": {
          "/": {
            "bytes": "6iFLiInnD8bvPCKqoCh6VJBjscDFlolx6vW76ycbN40"
          }
        },
        "smallCounter": 239
      }
    },
    "cbor": "o2dpbnVtYmVyWCDbJjulZAQRPwvLwGUS/Bs+0LEYcNFrz5lrto+e1bvt82dyYXRjaGV0pmRzYWx0WCC7KHzq6kw1G+8na9pNAFdGT7bXG+qRDt5UyozM4CZZcmVsYXJnZVggoaoqYCumskEku0VUn5FpFnCqV1M4VER0qgrTHHRxbTBmbWVkaXVtWCC+LXPTLYA2gfUzownXDZXtd0bXNN7cbzIWnJ8XHS+rMWVzbWFsbFgg6iFLiInnD8bvPCKqoCh6VJBjscDFlolx6vW76ycbN41tbWVkaXVtQ291bnRlchhObHNtYWxsQ291bnRlchjvZG5hbWVZAQBfm2qUNg6ZpSkL3ahC2oyZAHEHMTsYdbs4dtipMMy7+hnfHTs+6lHrMiwLxGT9G7i/wArD9CKp7ABCMYmC0weSZaPWJrXIIwynKwyfLEHIOVdj6PlvSKNs6GvVDqd6MPQSwBx/8KhpWtEFjK1ALl3VIuJg+0YWJhW1I69JJAJVdxjonoMaO3V9dqMom0OrEfDwLbOSKia2tls2YZOKgio77IXRNyjl+A3YV4ertUmNY0tgVFtmntZrgawU8toe5lGhA4nfRG9lsS6Xn0UbvTugqOuOABEo8pSp/gxYizuuTaGvDXr0awNBSig9Os8N3N6tdLwNdK12k4+hc1JJUiCn"
  },
  "bafkr4idh7nmqq4qaiphdru4eimfwq3fmj3vktxi4fzqf2yjtjrv5o6ignm": {
    "value": "ello wor",
    "cbor": "aGVsbG8gd29ybGQ="
  },
  "bafkr4iedhcost3w2dtax2275hnca3ocymuxtdzpzw3g53o7bjjy5nwmxkq": {
    "value": {
      "/": {
        "bytes": "foJ6DyO2+q5/EwhdqT0Fa3f2kcMMEpbuhEV9GqzsyOQFF3ca/6LEryscn9BW3foQlMtTpcd5Odrt9FOnKQN3AjkuyZugrHjg+S8QOJgRSTgks50BXDx7n//Pm6hT7WuY93njVuXjc9QDIoB5cCQ3JecccxZDdIicbLoJ2vPBaEWfx4YJTzKJaNJtJeV/sOgOyFLO2OPX6I0uZOBADbMNrqB4Zsv2spNzKf5TOdy+Zau0gF41R0k373k"
      }
    },
    "cbor": "WLl+gnoPI7b6rn8TCF2pPQVrd/aRwwwSlu6ERX0arOzI5AUXdxr/osSvKxyf0Fbd+hCUy1Olx3k52u30U6cpA3cCOS7Jm6CseOD5LxA4mBFJOCSznQFcPHuf/8+bqFPta5j3eeNW5eNz1AMigHlwJDcl5xxzFkN0iJxsugna88FoRZ/HhglPMolo0m0l5X+w6A7IUs7Y49fojS5k4EANsw2uoHhmy/ayk3Mp/lM53L5lq7SAXjVHSTfveQ=="
  },
  "bafkr4ieflopfz3hwrdmpvymwrk6ycqkgmvwycz7vj3nlbjuxyohthter4u": {
    "value": {
      "wnfs/priv/file": {
        "content": {
          "external": {
            "baseName": {
              "/": {
                "bytes": "ZplLzb+t88TrI2gTWKX/3s1D8YjgVPiMCaDqwYtTnWmx6qIyW4wZy1YkDtyMUtFtfd3qSq9mapNi5714bUU6TFudes6okwheiwFgTz5yWXszi9F/y6VyLh8IBVhwIOrFuKGPzHJKXrSG5cou/pXbH7j5LbU4AX8+rz7MKW/Zhgm7Zf2ISvnEXA+JEq0ajMS2ATJzEaHQocKsgt9oMeRw/I1Zlhb3pbEAr2BmbX4eccEJgkEKQ0B5enj0XQYWI7oUg8oDslwt/UYiyOn7u+ZR9MgeC6JyjQ9IN8SRjLi5B7Xgo+rgjov/qBWqz5oi15X3a6wBNjs2xa6C8SNOHEgRnA"
              }
            },
            "blockContentSize": 262104,
            "blockCount": 1,
            "key": {
              "/": {
                "bytes": "KvS416BQn3x1bYWYS6kBpMPXKsKwRpFN6qf8zv1sL/o"
              }
            }
          }
        },
        "headerCid": {
          "/": "bafkr4if7b6zvqahhhqcwr36hybnc74jw5lcods3uruvrnwjoash2l67wgi"
        },
        "metadata": {
          "created": -7670907671,
          "modified": -7670907671
        },
        "previous": [],
        "version": "0.2.0"
      }
    },
    "cbor": "oW53bmZzL3ByaXYvZmlsZaVndmVyc2lvbmUwLjIuMGloZWFkZXJDaWTYKlglAAFVHiC/D7NYAOc8BWjvx8BaL/E26sThy3SNKxbZLgSPpfv2MmhwcmV2aW91c4BobWV0YWRhdGGiZ2NyZWF0ZWQ7AAAAAck4wxZobW9kaWZpZWQ7AAAAAck4wxZnY29udGVudKFoZXh0ZXJuYWykY2tleVggKvS416BQn3x1bYWYS6kBpMPXKsKwRpFN6qf8zv1sL/poYmFzZU5hbWVZAQBmmUvNv63zxOsjaBNYpf/ezUPxiOBU+IwJoOrBi1OdabHqojJbjBnLViQO3IxS0W193epKr2Zqk2LnvXhtRTpMW516zqiTCF6LAWBPPnJZezOL0X/LpXIuHwgFWHAg6sW4oY/MckpetIblyi7+ldsfuPkttTgBfz6vPswpb9mGCbtl/YhK+cRcD4kSrRqMxLYBMnMRodChwqyC32gx5HD8jVmWFvelsQCvYGZtfh5xwQmCQQpDQHl6ePRdBhYjuhSDygOyXC39RiLI6fu75lH0yB4LonKND0g3xJGMuLkHteCj6uCOi/+oFarPmiLXlfdrrAE2OzbFroLxI04cSBGcamJsb2NrQ291bnQBcGJsb2NrQ29udGVudFNpemUaAAP/2A=="
  },
  "bafkr4if7b6zvqahhhqcwr36hybnc74jw5lcods3uruvrnwjoash2l67wgi": {
    "value": {
      "inumber": {
        "/": {
          "bytes": "+VAnfbVmtl9Mcdu1W6XYaNVXAb14GVwS7RGjsvqtoVc"
        }
      },
      "name": {
        "/": {
          "bytes": "Z5Y0MfKQTP7+UvKeCHcQlAt9D5lqcL8KzzNT47R4ob4allUfKlO/Z5yodCPvmePJmd4RZ1DDqepPTbs+u8vQ103UfTB8RHKgm60KQ55a0CoeEV5vJaU7iniHBAJvlNo2exG+PePqvd9dlRt8W6r8Fca3AAsqt368U+rZBnLn7JajaYptOdyfU65trrEAsrhs8DZhednb3BoMMZK3TVX2SFT8lwPMyxuyidkrjhNTQIMVEoCRX+Jrw4waqa9/LuAVk7j0W4VOriJFoHkaO8VUke5nw8F/ehFDzPXOX1mDBZ2Qdr7o7n7ZHFBf3KhkNhansO39JhvN0HtMEwDqGTggQA"
        }
      },
      "ratchet": {
        "large": {
          "/": {
            "bytes": "0riEjKRX5gi/T7YRIWm5H68QNbRRgutG8egt66JJb+I"
          }
        },
        "medium": {
          "/": {
            "bytes": "shXubtRTZOizQfwtyKB+dTCj2tixxkRVIkY8jNYvEtQ"
          }
        },
        "mediumCounter": 104,
        "salt": {
          "/": {
            "bytes": "1QgpqWq+5YylvSfCl6Pd0Jp09ahQozmjqToEx7iO8nY"
          }
        },
        "small": {
          "/": {
            "bytes": "Wept0HfJOPCver5/45dqzPpeyStuOE09QkCC+bA9vXE"
          }
        },
        "smallCounter": 179
      }
    },
    "cbor": "o2dpbnVtYmVyWCD5UCd9tWa2X0xx27Vbpdho1VcBvXgZXBLtEaOy+q2hV2dyYXRjaGV0pmRzYWx0WCDVCCmpar7ljKW9J8KXo93QmnT1qFCjOaOpOgTHuI7ydmVsYXJnZVgg0riEjKRX5gi/T7YRIWm5H68QNbRRgutG8egt66JJb+JmbWVkaXVtWCCyFe5u1FNk6LNB/C3IoH51MKPa2LHGRFUiRjyM1i8S1GVzbWFsbFggWept0HfJOPCver5/45dqzPpeyStuOE09QkCC+bA9vXFtbWVkaXVtQ291bnRlchhobHNtYWxsQ291bnRlchizZG5hbWVZAQBnljQx8pBM/v5S8p4IdxCUC30PmWpwvwrPM1PjtHihvhqWVR8qU79nnKh0I++Z48mZ3hFnUMOp6k9Nuz67y9DXTdR9MHxEcqCbrQpDnlrQKh4RXm8lpTuKeIcEAm+U2jZ7Eb494+q9312VG3xbqvwVxrcACyq3frxT6tkGcufslqNpim053J9Trm2usQCyuGzwNmF52dvcGgwxkrdNVfZIVPyXA8zLG7KJ2SuOE1NAgxUSgJFf4mvDjBqpr38u4BWTuPRbhU6uIkWgeRo7xVSR7mfDwX96EUPM9c5fWYMFnZB2vujuftkcUF/cqGQ2Fqew7f0mG83Qe0wTAOoZOCBA"
  },
  "bafkr4igsmipzdfljcrpsumdhp6svfjvf4fzn52hmgv2ipj6biao3mqisju": {
    "value": {
      "wnfs/priv/dir": {
        "entries": {
          "movies": {
            "contentCid": {
              "/": "bafkr4iavbau43ie6mbtljxyldqzbtixji4linxdkqcnuqza7thxozwrs5u"
            },
            "label": {
              "/": {
                "bytes": "Km6r3hOcZmVl/V0PTUrsKXQuTNLWaMjAxdArNlPyVAc"
              }
            },
            "snapshotKey": {
              "/": {
                "bytes": "EiqUzXcSJtgRdsBqwGWMh4nfO0gmL2rHeecRMSXI0cc"
              }
            },
            "temporalKey": {
              "/": {
                "bytes": "12rXfMUP3pL5fjewAOnzw6xTxXdPSzfiExMiN6XcK1DZ+mg8WkVeSg"
              }
            }
          }
        },
        "headerCid": {
          "/": "bafkr4iciitqruwubgicnvgjtil5mwkfzxixs74itsqklqn23ksv6wttlha"
        },
        "metadata": {
          "created": -7670907671,
          "modified": -7670907671
        },
        "previous": [],
        "version": "0.2.0"
      }
    },
    "cbor": "oW13bmZzL3ByaXYvZGlypWd2ZXJzaW9uZTAuMi4waHByZXZpb3VzgGloZWFkZXJDaWTYKlglAAFVHiBIROEaWoEyBNqZM0L6yyi5ui8v8ROUFLg3W1Sr605rOGhtZXRhZGF0YaJnY3JlYXRlZDsAAAAByTjDFmhtb2RpZmllZDsAAAAByTjDFmdlbnRyaWVzoWZtb3ZpZXOkZWxhYmVsWCAqbqveE5xmZWX9XQ9NSuwpdC5M0tZoyMDF0Cs2U/JUB2tzbmFwc2hvdEtleVggEiqUzXcSJtgRdsBqwGWMh4nfO0gmL2rHeecRMSXI0cdrdGVtcG9yYWxLZXlYKNdq13zFD96S+X43sADp88OsU8V3T0s34hMTIjel3CtQ2fpoPFpFXkpqY29udGVudENpZNgqWCUAAVUeIBUIKc2gnmBmtN8LHDIZoulHFobcaoCbSGQfme7s2jLt"
  },
  "bafkr4igxjga67jykbseaxdmmdgc5a5o3zp3htom2l6mrjznk7fvyggu6eq": {
    "value": {
      "/": {
        "bytes": "aGVsbG8gd29ybGQ"
      }
    },
    "cbor": "S2hlbGxvIHdvcmxk"
  },
  "bafyr4ia6i6zzvf54sg6awnofia5ef7xihnwyzfqqvzkodqw4xjihw4rjba": {
    "value": {
      "wnfs/pub/dir": {
        "metadata": {
          "created": 476749353,
          "modified": 476749353
        },
        "previous": [],
        "userland": {
          "jazz": {
            "/": "bafyr4ibse2rlffjcxdxm3zklzot5zhbm4oo6drzy72lcul42a7znpqhp2m"
          }
        },
        "version": "0.2.0"
      }
    },
    "cbor": "oWx3bmZzL3B1Yi9kaXKkZ3ZlcnNpb25lMC4yLjBobWV0YWRhdGGiZ2NyZWF0ZWQaHGqeKWhtb2RpZmllZBocap4paHByZXZpb3VzgGh1c2VybGFuZKFkamF6etgqWCUAAXEeIDImorKVIrjuzeVLy6fcnCzjneHHOP6WKi+aB/LXwO/T"
  },
  "bafyr4iaz3ytqytcfh5xdoitlvaeyxvn7vpf6sg6sgxqi7cut4idvftguh4": {
    "value": {
      "wnfs/pub/dir": {
        "metadata": {
          "created": -4960082003,
          "modified": -4960082003
        },
        "previous": [],
        "userland": {
          "music": {
            "/": "bafyr4ia6i6zzvf54sg6awnofia5ef7xihnwyzfqqvzkodqw4xjihw4rjba"
          }
        },
        "version": "0.2.0"
      }
    },
    "cbor": "oWx3bmZzL3B1Yi9kaXKkZ3ZlcnNpb25lMC4yLjBobWV0YWRhdGGiZ2NyZWF0ZWQ7AAAAASek2FJobW9kaWZpZWQ7AAAAASek2FJocHJldmlvdXOAaHVzZXJsYW5koWVtdXNpY9gqWCUAAXEeIB5Hs5qXvJG8CzXFQDpC/ug7bYyWEK5U4cLculB7cikI"
  },
  "bafyr4ibse2rlffjcxdxm3zklzot5zhbm4oo6drzy72lcul42a7znpqhp2m": {
    "value": {
      "wnfs/pub/file": {
        "metadata": {
          "created": 476749353,
          "modified": 476749353
        },
        "previous": [],
        "userland": {
          "/": "bafkr4igxjga67jykbseaxdmmdgc5a5o3zp3htom2l6mrjznk7fvyggu6eq"
        },
        "version": "0.2.0"
      }
    },
    "cbor": "oW13bmZzL3B1Yi9maWxlpGd2ZXJzaW9uZTAuMi4waG1ldGFkYXRhomdjcmVhdGVkGhxqnilobW9kaWZpZWQaHGqeKWhwcmV2aW91c4BodXNlcmxhbmTYKlglAAFVHiDXSYHvpwoMiAuNjBmF0HXby/Z5uZpfmRTlqvlrgxqeJA=="
  },
  "bafyr4ie7xhkgugrwfzduf6qt3zds7bs5ejie3g4qfcx63fxwt5qpz3auw4": {
    "value": {
      "wnfs/pub/dir": {
        "metadata": {
          "created": -4960082003,
          "modified": -4960082003
        },
        "previous": [],
        "userland": {
          "text.txt": {
            "/": "bafyr4ifukrp6jx3zpi7firxuzuh67mf3744kpu34jtodwne33qe334rwhe"
          }
        },
        "version": "0.2.0"
      }
    },
    "cbor": "oWx3bmZzL3B1Yi9kaXKkZ3ZlcnNpb25lMC4yLjBobWV0YWRhdGGiZ2NyZWF0ZWQ7AAAAASek2FJobW9kaWZpZWQ7AAAAASek2FJocHJldmlvdXOAaHVzZXJsYW5koWh0ZXh0LnR4dNgqWCUAAXEeILRUX+TfeXo+VEb0zQ/vsLv/OKfTfEzcOzSb3Am98jY5"
  },
  "bafyr4ifukrp6jx3zpi7firxuzuh67mf3744kpu34jtodwne33qe334rwhe": {
    "value": {
      "wnfs/pub/file": {
        "metadata": {
          "created": -4178922002,
          "modified": -4178922002
        },
        "previous": [],
        "userland": {
          "/": "bafkr4igxjga67jykbseaxdmmdgc5a5o3zp3htom2l6mrjznk7fvyggu6eq"
        },
        "version": "0.2.0"
      }
    },
    "cbor": "oW13bmZzL3B1Yi9maWxlpGd2ZXJzaW9uZTAuMi4waG1ldGFkYXRhomdjcmVhdGVkOvkVShFobW9kaWZpZWQ6+RVKEWhwcmV2aW91c4BodXNlcmxhbmTYKlglAAFVHiDXSYHvpwoMiAuNjBmF0HXby/Z5uZpfmRTlqvlrgxqeJA=="
  },
  "bafyr4iglbp6k7bwuxx3l25li3v3uhq2m3jf7n7w6fbyckv5lgey6hbqyvm": {
    "value": {
      "accumulator": {
        "generator": {
          "/": {
            "bytes": "fwLmW44iFFYnK6+3L+QEGnqwPad1nYZg5FIKHVEtAcY1fLTc9+WDOIQ/UQMIXA5TnpJzOkxWMXhKmJnqHwdEGfbDkxB6Pikp1xJGeBmil2kd0wPKDGi0M5uu2pufulRYxv+IOgUvCSEi85lWswV+R9aZWWU8f+AEpVSVLel2H0Rk9VAwF7pwwuUZ/VTwkm/T92cf3k8NUyH3Y31hiwWH611iYo48+KmGG5o13tlqWW9ae5oVZN7SwXls4yJfiu+IjdVxJHQO2TS6bwJ7m3kzg2ghzO2zVP4G2knyglqyZsZO3JaY9oi3MhWORgSrfyybPKM3DPGV5z8es3aGdXyMYw"
          }
        },
        "modulus": {
          "/": {
            "bytes": "uOyAGNNNXqta5gv1wIDUr0LE+nIlmutSVigeNkXNlRJndiqb/vIDjcIFEJqj1GdUG2JYficORhdlPKTKj2CXLnKdk3T9esrkZgjDcb2RqTPejWleGZwWGzV3pfmpXMjkCigiAiGB79frqd8VSpXr2Syr2ou+2TXx24LAm3STHQrKmj1S9gya0Pz9+CtYUwg7lesThqwILo5wfeBdccPouYAWp68mH8XSsjtRhHEWSKUJdiDKT+8md41JmyrWmNkTxDOrlXiXyT4WFTUv7X0WYSQgjt9S2+M04Iu6oTpYKpC3kWfZlCUGqtQtusV6vk6LBbtbZ6E21SvunRqoQaUh1w"
          }
        }
      },
      "root": [
        {
          "/": {
            "bytes": "pIE"
          }
        },
        [
          [
            [
              {
                "/": {
                  "bytes": "SVyE/PicN9qIPWnHT0YxfGj8LN+kuiAtArM0UwL8jFTgMQfOwtKkKBSvhp/TvBT71JIsxhb0x+1UpYlVDmoYM9uMTzf8uoxYTrQEEL1PGNHj3pg19ebP6abt36HXfmStwE3+j/WPQEDkGwHPpAF2pOUaQIUYyDnFtStmP0FwJKe3rKSTH3b/M+FyMLtz/L/W+ayNkvKu7KrONzr9Nz0fqm1qFhp3T6mKwQwluKEkKxa7BH8pmQ9YYmObeWVOkKoEQcCR7H/M9RAR8sxfSNisZPXwue7yc/bBySm1IJagHF/3XuY7+bf9+HvtAZtOX+ucXQ5jJJduEejs+99F05pgqA"
                }
              },
              [
                {
                  "/": "bafkr4iavbau43ie6mbtljxyldqzbtixji4linxdkqcnuqza7thxozwrs5u"
                },
                {
                  "/": "bafkr4ico6xukluqln2cvtctgkilpidzfv5gsghgcnddzocneqmzcoozegq"
                }
              ]
            ]
          ],
          [
            [
              {
                "/": {
                  "bytes": "JHQR1Y/x/HBKFRqiQSviI3wybuPw9t/Rcdt1tqqfzeGaGl75xs0dam/38xgkfRAz3P68DIVNT89K1Xejnl4nRXSvGloMSy04K9uem0jHjs/o3Bx4d8HwXomkE3vrkyk2fV2J4/fOlfTdP7fhPvbOMkgcgpPLgSDvumbmbiMKyiMubZMXgrCNXrom46FUCEl0KhgFkMk/duyiqFO3lFG4I/GwkgMLqrYajM5OM6ZXkk2Ahk3Q+FuV5s82oGlwSRvTBL3AHJbgC+O6J+pVpLPDioG1DuyeMMfvvabvJ424EuKiuJEyY9B+G9t1h+Z1RfqoORv52bkVnmw0airtFffVNg"
                }
              },
              [
                {
                  "/": "bafkr4iciitqruwubgicnvgjtil5mwkfzxixs74itsqklqn23ksv6wttlha"
                },
                {
                  "/": "bafkr4igsmipzdfljcrpsumdhp6svfjvf4fzn52hmgv2ipj6biao3mqisju"
                }
              ]
            ]
          ],
          [
            [
              {
                "/": {
                  "bytes": "jB18PG+QLeQhL+J6eUshId3BsP0AOZ952V5rO+PcYq6PCvp8ZSE7izsDf+7SVoRfb5QrGeuZALk8TVytGKMxVwoHdeR7b8k1XudU58KUiQTkCoiQ7vQVWewJiYLKV6W5XZEJji1uvRPJeS7/kVY+YQ7b6tYN3I+AatD9BnjQS0REfkB1hFps/JDiciGgtIkjjHbm00hsSa4CbweKGS9x8Kl9ePJ1x/fE6a621RRG29ThB+PIOR2XLozLecbWiqPf5vW8j4pGoh0DiedZjnbwGGhPOrrUX7w2zrrcmH3CRxjqBfdsux4893Ll11TCwVVWN6o7INFujIxO26I8f8ncbg"
                }
              },
              [
                {
                  "/": "bafkr4iak2zisw6svconjme3jg25f4equrbqnomxp2iil7frr6svsvtmf7e"
                },
                {
                  "/": "bafkr4iedhcost3w2dtax2275hnca3ocymuxtdzpzw3g53o7bjjy5nwmxkq"
                }
              ]
            ],
            [
              {
                "/": {
                  "bytes": "DMqGHcHdxgUw9Sv4WdHEVjvKPykKJ7S0AiJkJp8DMZJBeZjLk7o85awOydu1yH3lDlztZrIs3e/q7xPurUjY4I1mPSMM9xn7SFhkoRVXKjQb24adkhmWdcCOGBAIa6COZfthfUh4KnO6798TvpvbP7o71ah/0pE0IaZI/kIZI3egw/jrftCz/nicqbByatw0FouvTG31wRXTFEVxqvCUZ2fiT0EEULkYU4nJ7VgjmlLKr3MRxfqq2XfoBQOD/8bvs9quROmUVsMaCNa6UIXM9s4sQFMNtunoL97RC5ZTyB9+ze4m4ecWOJwhqVOy6FX74jm32hji/4Bss95Xbf3Mpw"
                }
              },
              [
                {
                  "/": "bafkr4iak253lbpbvjv7po4757lgtduo3pffesyimee7bpbwyd5gohdyys4"
                },
                {
                  "/": "bafkr4ibyzj4gt67dhh77u2y5nwsc4bxkjaznwp2cdz2y25kk4p6rsgxsou"
                }
              ]
            ]
          ],
          [
            [
              {
                "/": {
                  "bytes": "TdrwmIiM/1k+/FRHsUpn5mWcq8KCoQKOF5NumR+tQLLRV5Wg7pzOCYXnjXzlawCwT4JYqKDwtnoZHvWcpbxaqIYsOI0to/CQchcNnHcrnsVLxPopaUl52FR7SgP+zrJ8EreXIDk45g28pwq7hUeJK9wUEu+rbuz3ST4cLziGArnqthbildSKPlObxjLWHuTYkFiTZ+CuUUR+nQ0jUPjuRTW40cKR74aQj8Mp+9tXc9Ptl8doYq9DuAxRee7hBWpM2JOKjAZ8hRTenMM6Gpwyskqbcry0wtlM8f7oCqU7eomEvHc7DQcdfy78S7d/e+YY+bxRCRrc2EXm3SJgk14www"
                }
              },
              [
                {
                  "/": "bafkr4idh7nmqq4qaiphdru4eimfwq3fmj3vktxi4fzqf2yjtjrv5o6ignm"
                }
              ]
            ]
          ],
          [
            [
              {
                "/": {
                  "bytes": "cOPCRjmB0YbQpfVRLMOGXpFgNTSlAeu4IBNfcOl6+CY7o64Ib/ADfGTb14kw+kEzgmD1PpLgKNeheV4DfKt/ELBMZVOCUT4WAa/jLXcVjjATCx36sbb8vSWhAqz5kWf6w/5ttFKCS0cG0FdBjdPPBLuk9T7GyihbBOvwGaoKw92LcYcXApAgI+uWX5esPiHeF6swmh9yCbogOhiYxohIizx99GhKYIy2gMfPuWzlIyDHzFoZjS/2JTyOu/TSJnmEcb1iR45XRpvTpIxLMMtWDBHxYLzYzCDY8wq7mPgGBEfViO0ykYXtzeNTiMOZXrPZiE95qRSi5Umt62Gsj9tEGg"
                }
              },
              [
                {
                  "/": "bafkr4ieflopfz3hwrdmpvymwrk6ycqkgmvwycz7vj3nlbjuxyohthter4u"
                },
                {
                  "/": "bafkr4if7b6zvqahhhqcwr36hybnc74jw5lcods3uruvrnwjoash2l67wgi"
                }
              ]
            ]
          ]
        ]
      ],
      "structure": "hamt",
      "version": "0.1.0"
    },
    "cbor": "pGRyb290gkKkgYWBglkBAElchPz4nDfaiD1px09GMXxo/CzfpLogLQKzNFMC/IxU4DEHzsLSpCgUr4af07wU+9SSLMYW9MftVKWJVQ5qGDPbjE83/LqMWE60BBC9TxjR496YNfXmz+mm7d+h135krcBN/o/1j0BA5BsBz6QBdqTlGkCFGMg5xbUrZj9BcCSnt6ykkx92/zPhcjC7c/y/1vmsjZLyruyqzjc6/Tc9H6ptahYad0+pisEMJbihJCsWuwR/KZkPWGJjm3llTpCqBEHAkex/zPUQEfLMX0jYrGT18Lnu8nP2wckptSCWoBxf917mO/m3/fh77QGbTl/rnF0OYySXbhHo7PvfRdOaYKiC2CpYJQABVR4gFQgpzaCeYGa03wscMhmi6UcWhtxqgJtIZB+Z7uzaMu3YKlglAAFVHiBO9eil0gtuhVmKZlIW9A8lr00jHMJox5cJpIMyJzskNIGCWQEAJHQR1Y/x/HBKFRqiQSviI3wybuPw9t/Rcdt1tqqfzeGaGl75xs0dam/38xgkfRAz3P68DIVNT89K1Xejnl4nRXSvGloMSy04K9uem0jHjs/o3Bx4d8HwXomkE3vrkyk2fV2J4/fOlfTdP7fhPvbOMkgcgpPLgSDvumbmbiMKyiMubZMXgrCNXrom46FUCEl0KhgFkMk/duyiqFO3lFG4I/GwkgMLqrYajM5OM6ZXkk2Ahk3Q+FuV5s82oGlwSRvTBL3AHJbgC+O6J+pVpLPDioG1DuyeMMfvvabvJ424EuKiuJEyY9B+G9t1h+Z1RfqoORv52bkVnmw0airtFffVNoLYKlglAAFVHiBIROEaWoEyBNqZM0L6yyi5ui8v8ROUFLg3W1Sr605rONgqWCUAAVUeINJiH5GVaRRfKjBnf6VSpqXhct7o7DV0h6fBQB22QRJNgoJZAQCMHXw8b5At5CEv4np5SyEh3cGw/QA5n3nZXms749xiro8K+nxlITuLOwN/7tJWhF9vlCsZ65kAuTxNXK0YozFXCgd15HtvyTVe51TnwpSJBOQKiJDu9BVZ7AmJgspXpbldkQmOLW69E8l5Lv+RVj5hDtvq1g3cj4Bq0P0GeNBLRER+QHWEWmz8kOJyIaC0iSOMdubTSGxJrgJvB4oZL3HwqX148nXH98TprrbVFEbb1OEH48g5HZcujMt5xtaKo9/m9byPikaiHQOJ51mOdvAYaE86utRfvDbOutyYfcJHGOoF92y7Hjz3cuXXVMLBVVY3qjsg0W6MjE7bojx/ydxugtgqWCUAAVUeIArWUSt6VROalhNpNrpeEhSIYNcy79IQv5Yx9KsqzYX52CpYJQABVR4ggzidKe7aHMF9a/07RA24WGUvMeX5ts3du+FKcdbZl1SCWQEADMqGHcHdxgUw9Sv4WdHEVjvKPykKJ7S0AiJkJp8DMZJBeZjLk7o85awOydu1yH3lDlztZrIs3e/q7xPurUjY4I1mPSMM9xn7SFhkoRVXKjQb24adkhmWdcCOGBAIa6COZfthfUh4KnO6798TvpvbP7o71ah/0pE0IaZI/kIZI3egw/jrftCz/nicqbByatw0FouvTG31wRXTFEVxqvCUZ2fiT0EEULkYU4nJ7VgjmlLKr3MRxfqq2XfoBQOD/8bvs9quROmUVsMaCNa6UIXM9s4sQFMNtunoL97RC5ZTyB9+ze4m4ecWOJwhqVOy6FX74jm32hji/4Bss95Xbf3Mp4LYKlglAAFVHiAK13awvDVNfvdz/frNMdHbeUpJYQwhPheG2B9M448Yl9gqWCUAAVUeIDjKeGn74zn/+msdbaQuBupIMts/Qh51jXVK4/0ZGvJ1gYJZAQBN2vCYiIz/WT78VEexSmfmZZyrwoKhAo4Xk26ZH61AstFXlaDunM4JheeNfOVrALBPgliooPC2ehke9ZylvFqohiw4jS2j8JByFw2cdyuexUvE+ilpSXnYVHtKA/7OsnwSt5cgOTjmDbynCruFR4kr3BQS76tu7PdJPhwvOIYCueq2FuKV1Io+U5vGMtYe5NiQWJNn4K5RRH6dDSNQ+O5FNbjRwpHvhpCPwyn721dz0+2Xx2hir0O4DFF57uEFakzYk4qMBnyFFN6cwzoanDKySptyvLTC2Uzx/ugKpTt6iYS8dzsNBx1/LvxLt3975hj5vFEJGtzYRebdImCTXjDDgdgqWCUAAVUeIGf7WQhyAEPOONOEQwtobKxO6qndHC5gXWEzTGvXeQZrgYJZAQBw48JGOYHRhtCl9VEsw4ZekWA1NKUB67ggE19w6Xr4Jjujrghv8AN8ZNvXiTD6QTOCYPU+kuAo16F5XgN8q38QsExlU4JRPhYBr+MtdxWOMBMLHfqxtvy9JaECrPmRZ/rD/m20UoJLRwbQV0GN088Eu6T1PsbKKFsE6/AZqgrD3YtxhxcCkCAj65Zfl6w+Id4XqzCaH3IJuiA6GJjGiEiLPH30aEpgjLaAx8+5bOUjIMfMWhmNL/YlPI679NImeYRxvWJHjldGm9OkjEswy1YMEfFgvNjMINjzCruY+AYER9WI7TKRhe3N41OIw5les9mIT3mpFKLlSa3rYayP20QagtgqWCUAAVUeIIVbnlzs9ojY+uGWir2BQUZlbYFn9U7asKaXw48zzJHl2CpYJQABVR4gvw+zWADnPAVo78fAWi/xNurE4ct0jSsW2S4Ej6X79jJndmVyc2lvbmUwLjEuMGlzdHJ1Y3R1cmVkaGFtdGthY2N1bXVsYXRvcqJnbW9kdWx1c1kBALjsgBjTTV6rWuYL9cCA1K9CxPpyJZrrUlYoHjZFzZUSZ3Yqm/7yA43CBRCao9RnVBtiWH4nDkYXZTykyo9gly5ynZN0/XrK5GYIw3G9kakz3o1pXhmcFhs1d6X5qVzI5AooIgIhge/X66nfFUqV69ksq9qLvtk18duCwJt0kx0Kypo9UvYMmtD8/fgrWFMIO5XrE4asCC6OcH3gXXHD6LmAFqevJh/F0rI7UYRxFkilCXYgyk/vJneNSZsq1pjZE8Qzq5V4l8k+FhU1L+19FmEkII7fUtvjNOCLuqE6WCqQt5Fn2ZQlBqrULbrFer5OiwW7W2ehNtUr7p0aqEGlIddpZ2VuZXJhdG9yWQEAfwLmW44iFFYnK6+3L+QEGnqwPad1nYZg5FIKHVEtAcY1fLTc9+WDOIQ/UQMIXA5TnpJzOkxWMXhKmJnqHwdEGfbDkxB6Pikp1xJGeBmil2kd0wPKDGi0M5uu2pufulRYxv+IOgUvCSEi85lWswV+R9aZWWU8f+AEpVSVLel2H0Rk9VAwF7pwwuUZ/VTwkm/T92cf3k8NUyH3Y31hiwWH611iYo48+KmGG5o13tlqWW9ae5oVZN7SwXls4yJfiu+IjdVxJHQO2TS6bwJ7m3kzg2ghzO2zVP4G2knyglqyZsZO3JaY9oi3MhWORgSrfyybPKM3DPGV5z8es3aGdXyMYw=="
  },
  "bafyr4ihih5ydrwggfka32jqdsfxrcoujhbsf5ixpc7osid75auoppmv44i": {
    "value": {
      "exchange": {
        "/": "bafyr4iaz3ytqytcfh5xdoitlvaeyxvn7vpf6sg6sgxqi7cut4idvftguh4"
      },
      "forest": {
        "/": "bafyr4iglbp6k7bwuxx3l25li3v3uhq2m3jf7n7w6fbyckv5lgey6hbqyvm"
      },
      "public": {
        "/": "bafyr4ie7xhkgugrwfzduf6qt3zds7bs5ejie3g4qfcx63fxwt5qpz3auw4"
      },
      "version": "0.2.0"
    },
    "cbor": "pGZmb3Jlc3TYKlglAAFxHiDLC/yvhtS99r11aN13Q8NM2kv2/t4ocCVXqzEx44YYq2ZwdWJsaWPYKlglAAFxHiCfudRqGjYuR0L6E95HL4ZdIlBNm5Aor+2W9p9g/OwUt2d2ZXJzaW9uZTAuMi4waGV4Y2hhbmdl2CpYJQABcR4gGd4nDExFP243ImuoCYvVv6vL6RvSNeCPipPiB1LM1D8="
  }
}
